// Jest Snapshot v1, https://goo.gl/fbAQLP

exports[`add-statement addition ast: ast 1`] = `
Node {
  "left": Node {
    "base": Node {
      "loc": Object {
        "end": Object {
          "column": 7,
          "line": 1,
          "offset": 6,
        },
        "start": Object {
          "column": 5,
          "line": 1,
          "offset": 4,
        },
      },
      "name": "var",
      "type": "Identifier",
    },
    "loc": Object {
      "end": Object {
        "column": 13,
        "line": 1,
        "offset": 12,
      },
      "start": Object {
        "column": 5,
        "line": 1,
        "offset": 4,
      },
    },
    "member": Node {
      "loc": Object {
        "end": Object {
          "column": 13,
          "line": 1,
          "offset": 12,
        },
        "start": Object {
          "column": 9,
          "line": 1,
          "offset": 8,
        },
      },
      "name": "vacel",
      "type": "Identifier",
    },
    "type": "Member",
  },
  "loc": Object {
    "end": Object {
      "column": 25,
      "line": 1,
      "offset": 24,
    },
    "start": Object {
      "column": 1,
      "line": 1,
      "offset": 0,
    },
  },
  "operator": "+=",
  "right": Node {
    "loc": Object {
      "end": Object {
        "column": 24,
        "line": 1,
        "offset": 23,
      },
      "start": Object {
        "column": 18,
        "line": 1,
        "offset": 17,
      },
    },
    "type": "StringLiteral",
    "value": "\\"vacel\\"",
  },
  "type": "AddStatement",
}
`;

exports[`add-statement addition format: format long 1`] = `add var.vacel += "vacel";`;

exports[`add-statement addition format: format short 1`] = `
add var.vacel +=
  "vacel";
`;

exports[`add-statement addition token 1`] = `
Array [
  add,
  var,
  .,
  vacel,
  +=,
  "vacel",
  ;,
]
`;

exports[`add-statement assignment ast: ast 1`] = `
Node {
  "left": Node {
    "base": Node {
      "loc": Object {
        "end": Object {
          "column": 7,
          "line": 1,
          "offset": 6,
        },
        "start": Object {
          "column": 5,
          "line": 1,
          "offset": 4,
        },
      },
      "name": "var",
      "type": "Identifier",
    },
    "loc": Object {
      "end": Object {
        "column": 13,
        "line": 1,
        "offset": 12,
      },
      "start": Object {
        "column": 5,
        "line": 1,
        "offset": 4,
      },
    },
    "member": Node {
      "loc": Object {
        "end": Object {
          "column": 13,
          "line": 1,
          "offset": 12,
        },
        "start": Object {
          "column": 9,
          "line": 1,
          "offset": 8,
        },
      },
      "name": "vacel",
      "type": "Identifier",
    },
    "type": "Member",
  },
  "loc": Object {
    "end": Object {
      "column": 24,
      "line": 1,
      "offset": 23,
    },
    "start": Object {
      "column": 1,
      "line": 1,
      "offset": 0,
    },
  },
  "operator": "=",
  "right": Node {
    "loc": Object {
      "end": Object {
        "column": 23,
        "line": 1,
        "offset": 22,
      },
      "start": Object {
        "column": 17,
        "line": 1,
        "offset": 16,
      },
    },
    "type": "StringLiteral",
    "value": "\\"vacel\\"",
  },
  "type": "AddStatement",
}
`;

exports[`add-statement assignment format: format long 1`] = `add var.vacel = "vacel";`;

exports[`add-statement assignment format: format short 1`] = `
add var.vacel =
  "vacel";
`;

exports[`add-statement assignment token 1`] = `
Array [
  add,
  var,
  .,
  vacel,
  =,
  "vacel",
  ;,
]
`;

exports[`add-statement division ast: ast 1`] = `
Node {
  "left": Node {
    "base": Node {
      "loc": Object {
        "end": Object {
          "column": 7,
          "line": 1,
          "offset": 6,
        },
        "start": Object {
          "column": 5,
          "line": 1,
          "offset": 4,
        },
      },
      "name": "var",
      "type": "Identifier",
    },
    "loc": Object {
      "end": Object {
        "column": 13,
        "line": 1,
        "offset": 12,
      },
      "start": Object {
        "column": 5,
        "line": 1,
        "offset": 4,
      },
    },
    "member": Node {
      "loc": Object {
        "end": Object {
          "column": 13,
          "line": 1,
          "offset": 12,
        },
        "start": Object {
          "column": 9,
          "line": 1,
          "offset": 8,
        },
      },
      "name": "vacel",
      "type": "Identifier",
    },
    "type": "Member",
  },
  "loc": Object {
    "end": Object {
      "column": 25,
      "line": 1,
      "offset": 24,
    },
    "start": Object {
      "column": 1,
      "line": 1,
      "offset": 0,
    },
  },
  "operator": "/=",
  "right": Node {
    "loc": Object {
      "end": Object {
        "column": 24,
        "line": 1,
        "offset": 23,
      },
      "start": Object {
        "column": 18,
        "line": 1,
        "offset": 17,
      },
    },
    "type": "StringLiteral",
    "value": "\\"vacel\\"",
  },
  "type": "AddStatement",
}
`;

exports[`add-statement division format: format long 1`] = `add var.vacel /= "vacel";`;

exports[`add-statement division format: format short 1`] = `
add var.vacel /=
  "vacel";
`;

exports[`add-statement division token 1`] = `
Array [
  add,
  var,
  .,
  vacel,
  /=,
  "vacel",
  ;,
]
`;

exports[`add-statement multiplication ast: ast 1`] = `
Node {
  "left": Node {
    "base": Node {
      "loc": Object {
        "end": Object {
          "column": 7,
          "line": 1,
          "offset": 6,
        },
        "start": Object {
          "column": 5,
          "line": 1,
          "offset": 4,
        },
      },
      "name": "var",
      "type": "Identifier",
    },
    "loc": Object {
      "end": Object {
        "column": 13,
        "line": 1,
        "offset": 12,
      },
      "start": Object {
        "column": 5,
        "line": 1,
        "offset": 4,
      },
    },
    "member": Node {
      "loc": Object {
        "end": Object {
          "column": 13,
          "line": 1,
          "offset": 12,
        },
        "start": Object {
          "column": 9,
          "line": 1,
          "offset": 8,
        },
      },
      "name": "vacel",
      "type": "Identifier",
    },
    "type": "Member",
  },
  "loc": Object {
    "end": Object {
      "column": 25,
      "line": 1,
      "offset": 24,
    },
    "start": Object {
      "column": 1,
      "line": 1,
      "offset": 0,
    },
  },
  "operator": "*=",
  "right": Node {
    "loc": Object {
      "end": Object {
        "column": 24,
        "line": 1,
        "offset": 23,
      },
      "start": Object {
        "column": 18,
        "line": 1,
        "offset": 17,
      },
    },
    "type": "StringLiteral",
    "value": "\\"vacel\\"",
  },
  "type": "AddStatement",
}
`;

exports[`add-statement multiplication format: format long 1`] = `add var.vacel *= "vacel";`;

exports[`add-statement multiplication format: format short 1`] = `
add var.vacel *=
  "vacel";
`;

exports[`add-statement multiplication token 1`] = `
Array [
  add,
  var,
  .,
  vacel,
  *=,
  "vacel",
  ;,
]
`;

exports[`add-statement substraction ast: ast 1`] = `
Node {
  "left": Node {
    "base": Node {
      "loc": Object {
        "end": Object {
          "column": 7,
          "line": 1,
          "offset": 6,
        },
        "start": Object {
          "column": 5,
          "line": 1,
          "offset": 4,
        },
      },
      "name": "var",
      "type": "Identifier",
    },
    "loc": Object {
      "end": Object {
        "column": 13,
        "line": 1,
        "offset": 12,
      },
      "start": Object {
        "column": 5,
        "line": 1,
        "offset": 4,
      },
    },
    "member": Node {
      "loc": Object {
        "end": Object {
          "column": 13,
          "line": 1,
          "offset": 12,
        },
        "start": Object {
          "column": 9,
          "line": 1,
          "offset": 8,
        },
      },
      "name": "vacel",
      "type": "Identifier",
    },
    "type": "Member",
  },
  "loc": Object {
    "end": Object {
      "column": 24,
      "line": 1,
      "offset": 23,
    },
    "start": Object {
      "column": 1,
      "line": 1,
      "offset": 0,
    },
  },
  "operator": "-=",
  "right": Node {
    "loc": Object {
      "end": Object {
        "column": 23,
        "line": 1,
        "offset": 22,
      },
      "start": Object {
        "column": 18,
        "line": 1,
        "offset": 17,
      },
    },
    "type": "StringLiteral",
    "value": "\\"vace\\"",
  },
  "type": "AddStatement",
}
`;

exports[`add-statement substraction format: format long 1`] = `add var.vacel -= "vace";`;

exports[`add-statement substraction format: format short 1`] = `
add var.vacel -=
  "vace";
`;

exports[`add-statement substraction token 1`] = `
Array [
  add,
  var,
  .,
  vacel,
  -=,
  "vace",
  ;,
]
`;
